// Vitest Snapshot v1

exports[`ImageLazy > renders correctly 1`] = `"<img class=\\"image image--lazy\\" data-v-ff3f7011=\\"\\">"`;
