// Vitest Snapshot v1

exports[`BikeBookmark > renders correctly 1`] = `"<div class=\\"icon text-base\\" data-v-6ea13f32=\\"\\"><em class=\\"fa-regular fa-star\\" data-v-6ea13f32=\\"\\"></em></div>"`;
